PREHOOK: query: -- Verifies that script operator ID environment variables have unique values
-- in each instance of the script operator.
SELECT count(1) FROM
( SELECT TRANSFORM('echo $HIVE_SCRIPT_OPERATOR_ID') USING 'sh' AS key FROM src LIMIT 1 UNION ALL
  SELECT TRANSFORM('echo $HIVE_SCRIPT_OPERATOR_ID') USING 'sh' AS key FROM src LIMIT 1 ) a GROUP BY key
PREHOOK: type: QUERY
PREHOOK: Input: default@src
#### A masked pattern was here ####
POSTHOOK: query: -- Verifies that script operator ID environment variables have unique values
-- in each instance of the script operator.
SELECT count(1) FROM
( SELECT TRANSFORM('echo $HIVE_SCRIPT_OPERATOR_ID') USING 'sh' AS key FROM src LIMIT 1 UNION ALL
  SELECT TRANSFORM('echo $HIVE_SCRIPT_OPERATOR_ID') USING 'sh' AS key FROM src LIMIT 1 ) a GROUP BY key
POSTHOOK: type: QUERY
POSTHOOK: Input: default@src
#### A masked pattern was here ####
1
1
