PREHOOK: query: -- 8. Test UDF/UDAF
select count(*), count(c_int), sum(c_int), avg(c_int), max(c_int), min(c_int) from cbo_t1
PREHOOK: type: QUERY
PREHOOK: Input: default@cbo_t1
PREHOOK: Input: default@cbo_t1@dt=2014
#### A masked pattern was here ####
POSTHOOK: query: -- 8. Test UDF/UDAF
select count(*), count(c_int), sum(c_int), avg(c_int), max(c_int), min(c_int) from cbo_t1
POSTHOOK: type: QUERY
POSTHOOK: Input: default@cbo_t1
POSTHOOK: Input: default@cbo_t1@dt=2014
#### A masked pattern was here ####
20	18	18	1.0	1	1
PREHOOK: query: select count(*), count(c_int), sum(c_int), avg(c_int), max(c_int), min(c_int), case c_int when 0  then 1 when 1 then 2 else 3 end, sum(case c_int when 0  then 1 when 1 then 2 else 3 end) from cbo_t1 group by c_int
PREHOOK: type: QUERY
PREHOOK: Input: default@cbo_t1
PREHOOK: Input: default@cbo_t1@dt=2014
#### A masked pattern was here ####
POSTHOOK: query: select count(*), count(c_int), sum(c_int), avg(c_int), max(c_int), min(c_int), case c_int when 0  then 1 when 1 then 2 else 3 end, sum(case c_int when 0  then 1 when 1 then 2 else 3 end) from cbo_t1 group by c_int
POSTHOOK: type: QUERY
POSTHOOK: Input: default@cbo_t1
POSTHOOK: Input: default@cbo_t1@dt=2014
#### A masked pattern was here ####
2	0	NULL	NULL	NULL	NULL	3	6
18	18	18	1.0	1	1	2	36
PREHOOK: query: select * from (select count(*) as a, count(distinct c_int) as b, sum(c_int) as c, avg(c_int) as d, max(c_int) as e, min(c_int) as f from cbo_t1) cbo_t1
PREHOOK: type: QUERY
PREHOOK: Input: default@cbo_t1
PREHOOK: Input: default@cbo_t1@dt=2014
#### A masked pattern was here ####
POSTHOOK: query: select * from (select count(*) as a, count(distinct c_int) as b, sum(c_int) as c, avg(c_int) as d, max(c_int) as e, min(c_int) as f from cbo_t1) cbo_t1
POSTHOOK: type: QUERY
POSTHOOK: Input: default@cbo_t1
POSTHOOK: Input: default@cbo_t1@dt=2014
#### A masked pattern was here ####
20	1	18	1.0	1	1
PREHOOK: query: select * from (select count(*) as a, count(distinct c_int) as b, sum(c_int) as c, avg(c_int) as d, max(c_int) as e, min(c_int) as f, case c_int when 0  then 1 when 1 then 2 else 3 end as g, sum(case c_int when 0  then 1 when 1 then 2 else 3 end) as h from cbo_t1 group by c_int) cbo_t1
PREHOOK: type: QUERY
PREHOOK: Input: default@cbo_t1
PREHOOK: Input: default@cbo_t1@dt=2014
#### A masked pattern was here ####
POSTHOOK: query: select * from (select count(*) as a, count(distinct c_int) as b, sum(c_int) as c, avg(c_int) as d, max(c_int) as e, min(c_int) as f, case c_int when 0  then 1 when 1 then 2 else 3 end as g, sum(case c_int when 0  then 1 when 1 then 2 else 3 end) as h from cbo_t1 group by c_int) cbo_t1
POSTHOOK: type: QUERY
POSTHOOK: Input: default@cbo_t1
POSTHOOK: Input: default@cbo_t1@dt=2014
#### A masked pattern was here ####
2	0	NULL	NULL	NULL	NULL	3	6
18	1	18	1.0	1	1	2	36
PREHOOK: query: select f,a,e,b from (select count(*) as a, count(c_int) as b, sum(c_int) as c, avg(c_int) as d, max(c_int) as e, min(c_int) as f from cbo_t1) cbo_t1
PREHOOK: type: QUERY
PREHOOK: Input: default@cbo_t1
PREHOOK: Input: default@cbo_t1@dt=2014
#### A masked pattern was here ####
POSTHOOK: query: select f,a,e,b from (select count(*) as a, count(c_int) as b, sum(c_int) as c, avg(c_int) as d, max(c_int) as e, min(c_int) as f from cbo_t1) cbo_t1
POSTHOOK: type: QUERY
POSTHOOK: Input: default@cbo_t1
POSTHOOK: Input: default@cbo_t1@dt=2014
#### A masked pattern was here ####
1	20	1	18
PREHOOK: query: select f,a,e,b from (select count(*) as a, count(distinct c_int) as b, sum(distinct c_int) as c, avg(distinct c_int) as d, max(distinct c_int) as e, min(distinct c_int) as f from cbo_t1) cbo_t1
PREHOOK: type: QUERY
PREHOOK: Input: default@cbo_t1
PREHOOK: Input: default@cbo_t1@dt=2014
#### A masked pattern was here ####
POSTHOOK: query: select f,a,e,b from (select count(*) as a, count(distinct c_int) as b, sum(distinct c_int) as c, avg(distinct c_int) as d, max(distinct c_int) as e, min(distinct c_int) as f from cbo_t1) cbo_t1
POSTHOOK: type: QUERY
POSTHOOK: Input: default@cbo_t1
POSTHOOK: Input: default@cbo_t1@dt=2014
#### A masked pattern was here ####
1	20	1	1
PREHOOK: query: select count(c_int) as a, avg(c_float), key from cbo_t1 group by key
PREHOOK: type: QUERY
PREHOOK: Input: default@cbo_t1
PREHOOK: Input: default@cbo_t1@dt=2014
#### A masked pattern was here ####
POSTHOOK: query: select count(c_int) as a, avg(c_float), key from cbo_t1 group by key
POSTHOOK: type: QUERY
POSTHOOK: Input: default@cbo_t1
POSTHOOK: Input: default@cbo_t1@dt=2014
#### A masked pattern was here ####
0	NULL	NULL
2	1.0	 1
2	1.0	 1 
12	1.0	1
2	1.0	1 
PREHOOK: query: select count(distinct c_int) as a, avg(c_float) from cbo_t1 group by c_float
PREHOOK: type: QUERY
PREHOOK: Input: default@cbo_t1
PREHOOK: Input: default@cbo_t1@dt=2014
#### A masked pattern was here ####
POSTHOOK: query: select count(distinct c_int) as a, avg(c_float) from cbo_t1 group by c_float
POSTHOOK: type: QUERY
POSTHOOK: Input: default@cbo_t1
POSTHOOK: Input: default@cbo_t1@dt=2014
#### A masked pattern was here ####
0	NULL
1	1.0
PREHOOK: query: select count(distinct c_int) as a, avg(c_float) from cbo_t1 group by c_int
PREHOOK: type: QUERY
PREHOOK: Input: default@cbo_t1
PREHOOK: Input: default@cbo_t1@dt=2014
#### A masked pattern was here ####
POSTHOOK: query: select count(distinct c_int) as a, avg(c_float) from cbo_t1 group by c_int
POSTHOOK: type: QUERY
POSTHOOK: Input: default@cbo_t1
POSTHOOK: Input: default@cbo_t1@dt=2014
#### A masked pattern was here ####
0	NULL
1	1.0
PREHOOK: query: select count(distinct c_int) as a, avg(c_float) from cbo_t1 group by c_float, c_int
PREHOOK: type: QUERY
PREHOOK: Input: default@cbo_t1
PREHOOK: Input: default@cbo_t1@dt=2014
#### A masked pattern was here ####
POSTHOOK: query: select count(distinct c_int) as a, avg(c_float) from cbo_t1 group by c_float, c_int
POSTHOOK: type: QUERY
POSTHOOK: Input: default@cbo_t1
POSTHOOK: Input: default@cbo_t1@dt=2014
#### A masked pattern was here ####
0	NULL
1	1.0
