FAILED: ParseException line 1:62 missing EOF at 'myTable' near 'AS'
