PREHOOK: query: drop table if exists parquet_date
PREHOOK: type: DROPTABLE
POSTHOOK: query: drop table if exists parquet_date
POSTHOOK: type: DROPTABLE
PREHOOK: query: create table parquet_date (t date) stored as parquet
PREHOOK: type: CREATETABLE
PREHOOK: Output: database:default
PREHOOK: Output: default@parquet_date
FAILED: Execution Error, return code 1 from org.apache.hadoop.hive.ql.exec.DDLTask. java.lang.UnsupportedOperationException: Parquet does not support date. See HIVE-6384
